14:24:53 **** Incremental Build of configuration Debug for project 1-light ****
make -j12 all 
arm-none-eabi-gcc "../Core/Src/main.c" -mcpu=cortex-m3 -std=gnu11 -g3 -DDEBUG -DUSE_HAL_DRIVER -DSTM32F103xB -c -I../Core/Inc -I../Drivers/STM32F1xx_HAL_Driver/Inc/Legacy -I../Drivers/STM32F1xx_HAL_Driver/Inc -I../Drivers/CMSIS/Device/ST/STM32F1xx/Include -I../Drivers/CMSIS/Include -O0 -ffunction-sections -fdata-sections -Wall -fstack-usage -fcyclomatic-complexity -MMD -MP -MF"Core/Src/main.d" -MT"Core/Src/main.o" --specs=nano.specs -mfloat-abi=soft -mthumb -o "Core/Src/main.o"
arm-none-eabi-gcc -o "1-light.elf" @"objects.list"   -mcpu=cortex-m3 -T"E:\ST\stm32\1-light\STM32F103C8TX_FLASH.ld" --specs=nosys.specs -Wl,-Map="1-light.map" -Wl,--gc-sections -static --specs=nano.specs -mfloat-abi=soft -mthumb -Wl,--start-group -lc -lm -Wl,--end-group
Finished building target: 1-light.elf
 
arm-none-eabi-size  1-light.elf 
arm-none-eabi-objdump -h -S 1-light.elf  > "1-light.list"
   text	   data	    bss	    dec	    hex	filename
   4448	     12	   1572	   6032	   1790	1-light.elf
Finished building: default.size.stdout
 
Finished building: 1-light.list
 

14:24:53 Build Finished. 0 errors, 0 warnings. (took 592ms)

