15:08:18 **** Incremental Build of configuration Debug for project 2-blink ****
make -j12 all 
arm-none-eabi-gcc "../Core/Src/main.c" -mcpu=cortex-m3 -std=gnu11 -g3 -DDEBUG -DUSE_HAL_DRIVER -DSTM32F103xB -c -I../Core/Inc -I../Drivers/STM32F1xx_HAL_Driver/Inc/Legacy -I../Drivers/STM32F1xx_HAL_Driver/Inc -I../Drivers/CMSIS/Device/ST/STM32F1xx/Include -I../Drivers/CMSIS/Include -O0 -ffunction-sections -fdata-sections -Wall -fstack-usage -fcyclomatic-complexity -MMD -MP -MF"Core/Src/main.d" -MT"Core/Src/main.o" --specs=nano.specs -mfloat-abi=soft -mthumb -o "Core/Src/main.o"
arm-none-eabi-gcc -o "2-blink.elf" @"objects.list"   -mcpu=cortex-m3 -T"E:\ST\stm32\2-blink\STM32F103C8TX_FLASH.ld" --specs=nosys.specs -Wl,-Map="2-blink.map" -Wl,--gc-sections -static --specs=nano.specs -mfloat-abi=soft -mthumb -Wl,--start-group -lc -lm -Wl,--end-group
Finished building target: 2-blink.elf
 
arm-none-eabi-size  2-blink.elf 
arm-none-eabi-objdump -h -S 2-blink.elf  > "2-blink.list"
   text	   data	    bss	    dec	    hex	filename
   4716	     12	   1572	   6300	   189c	2-blink.elf
Finished building: default.size.stdout
 
Finished building: 2-blink.list
 

15:08:19 Build Finished. 0 errors, 0 warnings. (took 592ms)

